============================= test session starts =============================
platform win32 -- Python 3.14.3, pytest-9.0.3, pluggy-1.6.0 -- C:\Users\CUBOTTO\AppData\Local\Python\pythoncore-3.14-64\python.exe
cachedir: .pytest_cache
rootdir: C:\doomsday-engine
collecting ... collected 258 items

tests/unit/test_state.py::TestRifornimentoState::test_defaults PASSED    [  0%]
tests/unit/test_state.py::TestRifornimentoState::test_registra_spedizione PASSED [  0%]
tests/unit/test_state.py::TestRifornimentoState::test_quota_esaurita_dopo_max PASSED [  1%]
tests/unit/test_state.py::TestRifornimentoState::test_spedizioni_rimaste PASSED [  1%]
tests/unit/test_state.py::TestRifornimentoState::test_reset_automatico_nuovo_giorno PASSED [  1%]
tests/unit/test_state.py::TestRifornimentoState::test_reset_forzato PASSED [  2%]
tests/unit/test_state.py::TestRifornimentoState::test_serializzazione_roundtrip PASSED [  2%]
tests/unit/test_state.py::TestRifornimentoState::test_from_dict_valori_mancanti PASSED [  3%]
tests/unit/test_state.py::TestRifornimentoState::test_provviste_esaurite_default_false PASSED [  3%]
tests/unit/test_state.py::TestRifornimentoState::test_should_run_true_per_default PASSED [  3%]
tests/unit/test_state.py::TestRifornimentoState::test_segna_provviste_esaurite PASSED [  4%]
tests/unit/test_state.py::TestRifornimentoState::test_provviste_esaurite_reset_nuovo_giorno PASSED [  4%]
tests/unit/test_state.py::TestRifornimentoState::test_provviste_esaurite_persiste_in_giornata PASSED [  5%]
tests/unit/test_state.py::TestRifornimentoState::test_reset_forzato_azzera_provviste_esaurite PASSED [  5%]
tests/unit/test_state.py::TestBoostState::test_defaults PASSED           [  5%]
tests/unit/test_state.py::TestBoostState::test_should_run_mai_attivato PASSED [  6%]
tests/unit/test_state.py::TestBoostState::test_registra_attivo_8h PASSED [  6%]
tests/unit/test_state.py::TestBoostState::test_registra_attivo_1d PASSED [  6%]
tests/unit/test_state.py::TestBoostState::test_should_run_false_quando_attivo PASSED [  7%]
tests/unit/test_state.py::TestBoostState::test_should_run_true_quando_scaduto PASSED [  7%]
tests/unit/test_state.py::TestBoostState::test_registra_non_disponibile PASSED [  8%]
tests/unit/test_state.py::TestBoostState::test_should_run_true_se_non_disponibile_anche_con_scadenza PASSED [  8%]
tests/unit/test_state.py::TestBoostState::test_serializzazione_roundtrip PASSED [  8%]
tests/unit/test_state.py::TestBoostState::test_from_dict_vuoto PASSED    [  9%]
tests/unit/test_state.py::TestBoostState::test_log_stato_mai_attivato PASSED [  9%]
tests/unit/test_state.py::TestBoostState::test_log_stato_attivo PASSED   [ 10%]
tests/unit/test_state.py::TestVipState::test_defaults PASSED             [ 10%]
tests/unit/test_state.py::TestVipState::test_should_run_true_per_default PASSED [ 10%]
tests/unit/test_state.py::TestVipState::test_should_run_false_quando_entrambe_ritirate PASSED [ 11%]
tests/unit/test_state.py::TestVipState::test_should_run_true_solo_cass_ritirata PASSED [ 11%]
tests/unit/test_state.py::TestVipState::test_should_run_true_solo_free_ritirato PASSED [ 12%]
tests/unit/test_state.py::TestVipState::test_segna_completato PASSED     [ 12%]
tests/unit/test_state.py::TestVipState::test_reset_nuovo_giorno PASSED   [ 12%]
tests/unit/test_state.py::TestVipState::test_serializzazione_roundtrip PASSED [ 13%]
tests/unit/test_state.py::TestVipState::test_from_dict_vuoto PASSED      [ 13%]
tests/unit/test_state.py::TestVipState::test_log_stato_completato PASSED [ 13%]
tests/unit/test_state.py::TestVipState::test_log_stato_parziale PASSED   [ 14%]
tests/unit/test_state.py::TestArenaState::test_defaults PASSED           [ 14%]
tests/unit/test_state.py::TestArenaState::test_should_run_true_per_default PASSED [ 15%]
tests/unit/test_state.py::TestArenaState::test_segna_esaurite PASSED     [ 15%]
tests/unit/test_state.py::TestArenaState::test_reset_nuovo_giorno PASSED [ 15%]
tests/unit/test_state.py::TestArenaState::test_serializzazione_roundtrip PASSED [ 16%]
tests/unit/test_state.py::TestArenaState::test_from_dict_vuoto PASSED    [ 16%]
tests/unit/test_state.py::TestArenaState::test_log_stato_esaurite PASSED [ 17%]
tests/unit/test_state.py::TestArenaState::test_log_stato_disponibili PASSED [ 17%]
tests/unit/test_state.py::TestArenaState::test_reset_ripristina_should_run PASSED [ 17%]
tests/unit/test_state.py::TestDailyTasksState::test_defaults_tutti_false PASSED [ 18%]
tests/unit/test_state.py::TestDailyTasksState::test_segna_completato PASSED [ 18%]
tests/unit/test_state.py::TestDailyTasksState::test_task_pendenti_tutti PASSED [ 18%]
tests/unit/test_state.py::TestDailyTasksState::test_task_pendenti_con_filtro PASSED [ 19%]
tests/unit/test_state.py::TestDailyTasksState::test_tutti_completati PASSED [ 19%]
tests/unit/test_state.py::TestDailyTasksState::test_reset_automatico_nuovo_giorno PASSED [ 20%]
tests/unit/test_state.py::TestDailyTasksState::test_chiavi_canoniche_sempre_presenti PASSED [ 20%]
tests/unit/test_state.py::TestDailyTasksState::test_serializzazione_roundtrip PASSED [ 20%]
tests/unit/test_state.py::TestMetricsState::test_defaults PASSED         [ 21%]
tests/unit/test_state.py::TestMetricsState::test_aggiorna_risorse PASSED [ 21%]
tests/unit/test_state.py::TestMetricsState::test_incrementa_contatori PASSED [ 22%]
tests/unit/test_state.py::TestMetricsState::test_serializzazione_roundtrip PASSED [ 22%]
tests/unit/test_state.py::TestMetricsState::test_from_dict_valori_mancanti PASSED [ 22%]
tests/unit/test_state.py::TestInstanceState::test_costruzione_default PASSED [ 23%]
tests/unit/test_state.py::TestInstanceState::test_segna_avvio PASSED     [ 23%]
tests/unit/test_state.py::TestInstanceState::test_segna_errore PASSED    [ 24%]
tests/unit/test_state.py::TestInstanceState::test_repr PASSED            [ 24%]
tests/unit/test_state.py::TestInstanceState::test_serializzazione_roundtrip PASSED [ 24%]
tests/unit/test_state.py::TestInstanceState::test_from_dict_valori_mancanti PASSED [ 25%]
tests/unit/test_state.py::TestInstanceState::test_save_e_load PASSED     [ 25%]
tests/unit/test_state.py::TestInstanceState::test_load_file_non_esistente PASSED [ 25%]
tests/unit/test_state.py::TestInstanceState::test_load_file_corrotto PASSED [ 26%]
tests/unit/test_state.py::TestInstanceState::test_save_crea_directory PASSED [ 26%]
tests/unit/test_state.py::TestInstanceState::test_json_leggibile PASSED  [ 27%]
tests/unit/test_orchestrator.py::TestEDovutoPeriodic::test_mai_eseguito PASSED [ 27%]
tests/unit/test_orchestrator.py::TestEDovutoPeriodic::test_appena_eseguito PASSED [ 27%]
tests/unit/test_orchestrator.py::TestEDovutoPeriodic::test_scaduto PASSED [ 28%]
tests/unit/test_orchestrator.py::TestEDovutoPeriodic::test_non_ancora_scaduto PASSED [ 28%]
tests/unit/test_orchestrator.py::TestEDovutoPeriodic::test_intervallo_168h PASSED [ 29%]
tests/unit/test_orchestrator.py::TestEDovutoPeriodic::test_intervallo_168h_scaduto PASSED [ 29%]
tests/unit/test_orchestrator.py::TestEDovutoDaily::test_mai_eseguito PASSED [ 29%]
tests/unit/test_orchestrator.py::TestEDovutoDaily::test_eseguito_prima_del_reset PASSED [ 30%]
tests/unit/test_orchestrator.py::TestEDovutoDaily::test_eseguito_dopo_reset PASSED [ 30%]
tests/unit/test_orchestrator.py::TestEDovutoDaily::test_reset_daily_corrente_e_utc PASSED [ 31%]
tests/unit/test_orchestrator.py::TestEDovuto::test_disabled_mai_dovuto PASSED [ 31%]
tests/unit/test_orchestrator.py::TestEDovuto::test_periodic_dovuto PASSED [ 31%]
tests/unit/test_orchestrator.py::TestEDovuto::test_daily_dovuto PASSED   [ 32%]
tests/unit/test_orchestrator.py::TestEDovuto::test_periodic_non_dovuto PASSED [ 32%]
tests/unit/test_orchestrator.py::TestOrchestratorRegister::test_register_un_task PASSED [ 32%]
tests/unit/test_orchestrator.py::TestOrchestratorRegister::test_register_multipli PASSED [ 33%]
tests/unit/test_orchestrator.py::TestOrchestratorRegister::test_ordine_priorita PASSED [ 33%]
tests/unit/test_orchestrator.py::TestOrchestratorRegister::test_task_names PASSED [ 34%]
tests/unit/test_orchestrator.py::TestOrchestratorRegister::test_disabled_at_register PASSED [ 34%]
tests/unit/test_orchestrator.py::TestOrchestratorEnableDisable::test_disable PASSED [ 34%]
tests/unit/test_orchestrator.py::TestOrchestratorEnableDisable::test_enable_dopo_disable PASSED [ 35%]
tests/unit/test_orchestrator.py::TestOrchestratorEnableDisable::test_disable_nome_inesistente_noop PASSED [ 35%]
tests/unit/test_orchestrator.py::TestOrchestratorTick::test_tick_esegue_task_dovuto PASSED [ 36%]
tests/unit/test_orchestrator.py::TestOrchestratorTick::test_tick_non_esegue_non_dovuto PASSED [ 36%]
tests/unit/test_orchestrator.py::TestOrchestratorTick::test_tick_ritorna_lista_results PASSED [ 36%]
tests/unit/test_orchestrator.py::TestOrchestratorTick::test_tick_aggiorna_last_run PASSED [ 37%]
tests/unit/test_orchestrator.py::TestOrchestratorTick::test_tick_secondo_giro_non_riesegue PASSED [ 37%]
tests/unit/test_orchestrator.py::TestOrchestratorTick::test_tick_ordine_priorita PASSED [ 37%]
tests/unit/test_orchestrator.py::TestOrchestratorTick::test_tick_risultato_success PASSED [ 38%]
tests/unit/test_orchestrator.py::TestOrchestratorTick::test_tick_risultato_failure PASSED [ 38%]
tests/unit/test_orchestrator.py::TestOrchestratorEccezioni::test_eccezione_non_propaga PASSED [ 39%]
tests/unit/test_orchestrator.py::TestOrchestratorEccezioni::test_eccezione_messaggio_contiene_testo PASSED [ 39%]
tests/unit/test_orchestrator.py::TestOrchestratorEccezioni::test_eccezione_non_blocca_task_successivo PASSED [ 39%]
tests/unit/test_orchestrator.py::TestOrchestratorEccezioni::test_last_run_aggiornato_anche_dopo_eccezione PASSED [ 40%]
tests/unit/test_orchestrator.py::TestOrchestratorStato::test_stato_vuoto PASSED [ 40%]
tests/unit/test_orchestrator.py::TestOrchestratorStato::test_stato_task_mai_eseguito PASSED [ 41%]
tests/unit/test_orchestrator.py::TestOrchestratorStato::test_stato_dopo_esecuzione PASSED [ 41%]
tests/unit/test_orchestrator.py::TestOrchestratorStato::test_stato_dovuto_false_dopo_esecuzione PASSED [ 41%]
tests/unit/test_orchestrator.py::TestOrchestratorStato::test_stato_enabled PASSED [ 42%]
tests/unit/test_orchestrator.py::TestOrchestratorNDovuti::test_tutti_dovuti_inizialmente PASSED [ 42%]
tests/unit/test_orchestrator.py::TestOrchestratorNDovuti::test_nessuno_dopo_tick PASSED [ 43%]
tests/unit/test_orchestrator.py::TestOrchestratorNDovuti::test_disabled_non_contato PASSED [ 43%]
tests/unit/test_orchestrator.py::TestOrchestratorSetLastRun::test_set_last_run_impedisce_esecuzione PASSED [ 43%]
tests/unit/test_orchestrator.py::TestOrchestratorSetLastRun::test_set_last_run_passato_forza_esecuzione PASSED [ 44%]
tests/unit/test_orchestrator.py::TestOrchestratorSetLastRun::test_set_last_run_nome_inesistente_noop PASSED [ 44%]
tests/unit/test_orchestrator.py::TestOrchestratorIntegrazione::test_zaino_task_registrabile PASSED [ 44%]
tests/unit/test_orchestrator.py::TestOrchestratorIntegrazione::test_rifornimento_task_registrabile PASSED [ 45%]
tests/unit/test_orchestrator.py::TestOrchestratorIntegrazione::test_raccolta_task_registrabile PASSED [ 45%]
tests/unit/test_orchestrator.py::TestOrchestratorIntegrazione::test_tick_tre_task_registrati PASSED [ 46%]
tests/unit/test_orchestrator.py::TestGateShouldRun::test_should_run_false_task_saltato PASSED [ 46%]
tests/unit/test_orchestrator.py::TestGateShouldRun::test_should_run_false_last_run_non_aggiornato PASSED [ 46%]
tests/unit/test_orchestrator.py::TestGateShouldRun::test_should_run_true_task_eseguito PASSED [ 47%]
tests/unit/test_orchestrator.py::TestGateShouldRun::test_should_run_true_last_run_aggiornato PASSED [ 47%]
tests/unit/test_orchestrator.py::TestGateShouldRun::test_should_run_eccezione_task_saltato PASSED [ 48%]
tests/unit/test_orchestrator.py::TestGateShouldRun::test_should_run_eccezione_last_run_non_aggiornato PASSED [ 48%]
tests/unit/test_orchestrator.py::TestGateShouldRun::test_gate_ordine_should_run_prima_di_home PASSED [ 48%]
tests/unit/test_orchestrator.py::TestGateShouldRun::test_mix_should_run_true_e_false PASSED [ 49%]
tests/tasks/test_boost.py::TestShouldRun::test_device_none_ritorna_false PASSED [ 49%]
tests/tasks/test_boost.py::TestShouldRun::test_matcher_none_ritorna_false PASSED [ 50%]
tests/tasks/test_boost.py::TestShouldRun::test_task_disabilitato_ritorna_false PASSED [ 50%]
tests/tasks/test_boost.py::TestShouldRun::test_condizioni_ok_ritorna_true PASSED [ 50%]
tests/tasks/test_boost.py::TestMappaOutcome::test_attivato_8h_e_ok PASSED [ 51%]
tests/tasks/test_boost.py::TestMappaOutcome::test_attivato_1d_e_ok PASSED [ 51%]
tests/tasks/test_boost.py::TestMappaOutcome::test_gia_attivo_e_ok PASSED [ 51%]
tests/tasks/test_boost.py::TestMappaOutcome::test_nessun_boost_e_skip PASSED [ 52%]
tests/tasks/test_boost.py::TestMappaOutcome::test_popup_non_aperto_e_skip PASSED [ 52%]
tests/tasks/test_boost.py::TestMappaOutcome::test_speed_non_trovato_e_skip PASSED [ 53%]
tests/tasks/test_boost.py::TestMappaOutcome::test_errore_e_fail PASSED   [ 53%]
tests/tasks/test_boost.py::TestMappaOutcome::test_outcome_sconosciuto_e_fail PASSED [ 53%]
tests/tasks/test_boost.py::TestTaskResult::test_name_ritorna_boost PASSED [ 54%]
tests/tasks/test_boost.py::TestTaskResult::test_repr_contiene_boost PASSED [ 54%]
tests/tasks/test_boost.py::TestBoostGiaAttivo::test_ritorna_ok_senza_tap_use PASSED [ 55%]
tests/tasks/test_boost.py::TestBoostGiaAttivo::test_chiude_popup_con_n_back PASSED [ 55%]
tests/tasks/test_boost.py::TestBoost8h::test_ritorna_ok_con_durata_8h PASSED [ 55%]
tests/tasks/test_boost.py::TestBoost8h::test_tap_use_eseguito PASSED     [ 56%]
tests/tasks/test_boost.py::TestBoost8h::test_back_dopo_use PASSED        [ 56%]
tests/tasks/test_boost.py::TestBoost1d::test_ritorna_ok_con_durata_1d PASSED [ 56%]
tests/tasks/test_boost.py::TestBoost1d::test_tap_use_eseguito PASSED     [ 57%]
tests/tasks/test_boost.py::TestNessunBoost::test_ritorna_skip PASSED     [ 57%]
tests/tasks/test_boost.py::TestNessunBoost::test_chiude_popup_con_n_back PASSED [ 58%]
tests/tasks/test_boost.py::TestPopupNonAperto::test_ritorna_skip PASSED  [ 58%]
tests/tasks/test_boost.py::TestPopupNonAperto::test_chiude_con_n_back PASSED [ 58%]
tests/tasks/test_boost.py::TestPopupNonAperto::test_nessun_tap_speed PASSED [ 59%]
tests/tasks/test_boost.py::TestSpeedNonTrovato::test_ritorna_skip PASSED [ 59%]
tests/tasks/test_boost.py::TestSpeedNonTrovato::test_esegue_max_swipe_swipe PASSED [ 60%]
tests/tasks/test_boost.py::TestSpeedNonTrovato::test_chiude_popup_con_n_back PASSED [ 60%]
tests/tasks/test_boost.py::TestNavigatorAssente::test_run_senza_navigator_non_crasha PASSED [ 60%]
tests/tasks/test_boost.py::TestBoostConfig::test_default_tap_boost PASSED [ 61%]
tests/tasks/test_boost.py::TestBoostConfig::test_default_n_back_chiudi PASSED [ 61%]
tests/tasks/test_boost.py::TestBoostConfig::test_default_max_swipe PASSED [ 62%]
tests/tasks/test_boost.py::TestBoostConfig::test_default_soglie_positive PASSED [ 62%]
tests/tasks/test_boost.py::TestBoostConfig::test_template_paths_contengono_pin PASSED [ 62%]
tests/tasks/test_vip.py::TestShouldRun::test_device_none_false PASSED    [ 63%]
tests/tasks/test_vip.py::TestShouldRun::test_matcher_none_false PASSED   [ 63%]
tests/tasks/test_vip.py::TestShouldRun::test_disabilitato_false PASSED   [ 63%]
tests/tasks/test_vip.py::TestShouldRun::test_ok_true PASSED              [ 64%]
tests/tasks/test_vip.py::TestMappaEsito::test_completato_ok PASSED       [ 64%]
tests/tasks/test_vip.py::TestMappaEsito::test_maschera_non_aperta_skip PASSED [ 65%]
tests/tasks/test_vip.py::TestMappaEsito::test_errore_fail PASSED         [ 65%]
tests/tasks/test_vip.py::TestCheckPin::test_trovato_subito PASSED        [ 65%]
tests/tasks/test_vip.py::TestCheckPin::test_non_trovato PASSED           [ 66%]
tests/tasks/test_vip.py::TestCheckPin::test_trovato_al_retry PASSED      [ 66%]
tests/tasks/test_vip.py::TestCheckPin::test_non_trovato_dopo_retry PASSED [ 67%]
tests/tasks/test_vip.py::TestPollingGate::test_trovato_al_primo_poll PASSED [ 67%]
tests/tasks/test_vip.py::TestPollingGate::test_trovato_al_secondo_poll PASSED [ 67%]
tests/tasks/test_vip.py::TestPollingGate::test_non_trovato_esauriti PASSED [ 68%]
tests/tasks/test_vip.py::TestGestisciCassaforte::test_gia_ritirata PASSED [ 68%]
tests/tasks/test_vip.py::TestGestisciCassaforte::test_disponibile_e_confermata PASSED [ 68%]
tests/tasks/test_vip.py::TestGestisciCassaforte::test_nessun_pin_anomalia PASSED [ 69%]
tests/tasks/test_vip.py::TestGestisciClaimFree::test_gia_ritirato PASSED [ 69%]
tests/tasks/test_vip.py::TestGestisciClaimFree::test_disponibile_e_confermato PASSED [ 70%]
tests/tasks/test_vip.py::TestGestisciClaimFree::test_tap_chiudi_reward_eseguito PASSED [ 70%]
tests/tasks/test_vip.py::TestGestisciClaimFree::test_nessun_pin_anomalia PASSED [ 70%]
tests/tasks/test_vip.py::TestRunCompleto::test_completato_primo_tentativo PASSED [ 71%]
tests/tasks/test_vip.py::TestRunCompleto::test_back_tre_dopo_tentativo PASSED [ 71%]
tests/tasks/test_vip.py::TestRunCompleto::test_tap_badge_eseguito PASSED [ 72%]
tests/tasks/test_vip.py::TestMascheraNonAperta::test_ritorna_skip_dopo_max_tentativi PASSED [ 72%]
tests/tasks/test_vip.py::TestMascheraNonAperta::test_tap_badge_ripetuto_per_ogni_tentativo PASSED [ 72%]
tests/tasks/test_vip.py::TestVipConfig::test_name PASSED                 [ 73%]
tests/tasks/test_vip.py::TestVipConfig::test_soglie_in_range PASSED      [ 73%]
tests/tasks/test_vip.py::TestVipConfig::test_tmpl_paths_pin PASSED       [ 74%]
tests/tasks/test_vip.py::TestVipConfig::test_coordinate_plausibili PASSED [ 74%]
tests/tasks/test_arena.py::TestArenaTask::test_run_battle_timeout PASSED [ 74%]
tests/tasks/test_arena.py::TestArenaTask::test_run_failure_result PASSED [ 75%]
tests/tasks/test_arena.py::TestArenaTask::test_run_glory_popup_dismissed PASSED [ 75%]
tests/tasks/test_arena.py::TestArenaTask::test_run_home_fail PASSED      [ 75%]
tests/tasks/test_arena.py::TestArenaTask::test_run_navigation_fail PASSED [ 76%]
tests/tasks/test_arena.py::TestArenaTask::test_run_partial_then_esaurite PASSED [ 76%]
tests/tasks/test_arena.py::TestArenaTask::test_run_recovery_second_attempt PASSED [ 77%]
tests/tasks/test_arena.py::TestArenaTask::test_run_success_all_fights PASSED [ 77%]
tests/tasks/test_arena.py::TestArenaTask::test_run_success_esaurite PASSED [ 77%]
tests/tasks/test_arena.py::TestArenaTask::test_run_too_many_consecutive_errors PASSED [ 78%]
tests/tasks/test_arena.py::TestArenaStateIntegration::test_arena_state_reset_nuovo_giorno PASSED [ 78%]
tests/tasks/test_arena.py::TestArenaStateIntegration::test_segna_esaurite_dopo_purchase_popup PASSED [ 79%]
tests/tasks/test_arena.py::TestArenaStateIntegration::test_should_run_false_se_esaurite PASSED [ 79%]
tests/tasks/test_arena.py::TestArenaStateIntegration::test_should_run_true_se_non_esaurite PASSED [ 79%]
tests/tasks/test_rifornimento.py::TestRifornimentoProperties::test_name PASSED [ 80%]
tests/tasks/test_rifornimento.py::TestRifornimentoProperties::test_schedule_type PASSED [ 80%]
tests/tasks/test_rifornimento.py::TestRifornimentoProperties::test_interval_hours PASSED [ 81%]
tests/tasks/test_rifornimento.py::TestCfg::test_default_disabilitato PASSED [ 81%]
tests/tasks/test_rifornimento.py::TestCfg::test_override_abilitato PASSED [ 81%]
tests/tasks/test_rifornimento.py::TestCfg::test_default_rifugio_x PASSED [ 82%]
tests/tasks/test_rifornimento.py::TestCfg::test_default_rifugio_y PASSED [ 82%]
tests/tasks/test_rifornimento.py::TestCfg::test_default_soglia_campo PASSED [ 82%]
tests/tasks/test_rifornimento.py::TestCfg::test_default_acciaio_disabilitato PASSED [ 83%]
tests/tasks/test_rifornimento.py::TestCfg::test_override_max_spedizioni PASSED [ 83%]
tests/tasks/test_rifornimento.py::TestCodaVolo::test_aggiorna_coda_rimuove_scadute PASSED [ 84%]
tests/tasks/test_rifornimento.py::TestCodaVolo::test_aggiorna_coda_vuota PASSED [ 84%]
tests/tasks/test_rifornimento.py::TestCodaVolo::test_aggiorna_coda_nessuna_scaduta PASSED [ 84%]
tests/tasks/test_rifornimento.py::TestCodaVolo::test_attesa_prima_coda_vuota PASSED [ 85%]
tests/tasks/test_rifornimento.py::TestCodaVolo::test_attesa_prima_scaduta PASSED [ 85%]
tests/tasks/test_rifornimento.py::TestCodaVolo::test_attesa_prima_in_volo PASSED [ 86%]
tests/tasks/test_rifornimento.py::TestCodaVolo::test_attesa_ultima_coda_vuota PASSED [ 86%]
tests/tasks/test_rifornimento.py::TestCodaVolo::test_attesa_ultima_ultima_in_volo PASSED [ 86%]
tests/tasks/test_rifornimento.py::TestSelezionaRisorsa::test_seleziona_sopra_soglia PASSED [ 87%]
tests/tasks/test_rifornimento.py::TestSelezionaRisorsa::test_nessuna_sotto_soglia PASSED [ 87%]
tests/tasks/test_rifornimento.py::TestSelezionaRisorsa::test_round_robin PASSED [ 87%]
tests/tasks/test_rifornimento.py::TestSelezionaRisorsa::test_skip_sotto_soglia_e_prende_successiva PASSED [ 88%]
tests/tasks/test_rifornimento.py::TestBuildRisorseConfig::test_acciaio_escluso_per_default PASSED [ 88%]
tests/tasks/test_rifornimento.py::TestBuildRisorseConfig::test_pomodoro_incluso_per_default PASSED [ 89%]
tests/tasks/test_rifornimento.py::TestBuildRisorseConfig::test_qta_zero_esclude_risorsa PASSED [ 89%]
tests/tasks/test_rifornimento.py::TestBuildRisorseConfig::test_acciaio_incluso_se_abilitato PASSED [ 89%]
tests/tasks/test_rifornimento.py::TestBuildRisorseConfig::test_soglie_corrette PASSED [ 90%]
tests/tasks/test_rifornimento.py::TestRifornimentoDisabilitato::test_disabilitato_skip PASSED [ 90%]
tests/tasks/test_rifornimento.py::TestRifornimentoDisabilitato::test_disabilitato_data PASSED [ 91%]
tests/tasks/test_rifornimento.py::TestRifornimentoNoAccount::test_no_account_fallisce PASSED [ 91%]
tests/tasks/test_rifornimento.py::TestRifornimentoNoAccount::test_no_account_nessun_tap PASSED [ 91%]
tests/tasks/test_rifornimento.py::TestRifornimentoDeposizoNone::test_deposito_none_fallisce 

!!!!!!!!!!!!!!!!!!!!!!!!!!!!!! KeyboardInterrupt !!!!!!!!!!!!!!!!!!!!!!!!!!!!!!
C:\doomsday-engine\tasks\rifornimento.py:1130: KeyboardInterrupt
(to show a full traceback on KeyboardInterrupt use --full-trace)
============================= 237 passed in 2.98s =============================
